// Jest Snapshot v1, https://goo.gl/fbAQLP

exports[`<Button /> Button renders correctly 1`] = `
<button
  className="___button_xh087_1"
  style={
    Object {
      "--c8_0": "#4ba82e",
    }
  }
>
  <span
    className="___span_xh087_1"
  >
    Push Me
  </span>
</button>
`;

exports[`<Button /> Button renders correctly 2`] = `
"<style type=\\"text/css\\" id=\\"reshadow-2023947909\\">.___button_xh087_1 {
    display: flex;
    align-items: center;
    justify-content: center;

    width: 225px;
    height: 58px;
    border: none;

    border-radius: 2px;
    background-color: var(--c8_0);
}
.___span_xh087_1 {
    font-family: Helvetica, sans-serif;
    font-size: 20px;
    line-height: 1.4;
    color: #ffffff;
    text-transform: capitalize;
}</style>"
`;
